[{'dataset': 'vaswani', 'qid': '1', 'qrels': [{'qid': '1', 'relevance': 1, 'doc_id': '1239', 'retrieved_in_100': 0, 'median_rank': 99999.0, 'retrieved_in_10': 0, 'doc_id_to_offset': {'start': 672962, 'end': 673613}}, {'qid': '1', 'relevance': 1, 'doc_id': '1502', 'retrieved_in_100': 2, 'median_rank': 1.5, 'retrieved_in_10': 2, 'doc_id_to_offset': {'start': 809871, 'end': 810092}}, {'qid': '1', 'relevance': 1, 'doc_id': '4462', 'retrieved_in_100': 0, 'median_rank': 99999.0, 'retrieved_in_10': 0, 'doc_id_to_offset': {'start': 2555389, 'end': 2556708}}, {'qid': '1', 'relevance': 1, 'doc_id': '4569', 'retrieved_in_100': 1, 'median_rank': 50001.0, 'retrieved_in_10': 1, 'doc_id_to_offset': {'start': 2626774, 'end': 2628713}}, {'qid': '1', 'relevance': 1, 'doc_id': '5472', 'retrieved_in_100': 0, 'median_rank': 99999.0, 'retrieved_in_10': 0, 'doc_id_to_offset': {'start': 3242773, 'end': 3243866}}, {'qid': '1', 'relevance': 1, 'doc_id': '5502', 'retrieved_in_100': 0, 'median_rank': 99999.0, 'retrieved_in_10': 0, 'doc_id_to_offset': {'start': 3264917, 'end': 3265748}}, {'qid': '1', 'relevance': 1, 'doc_id': '6471', 'retrieved_in_100': 0, 'median_rank': 99999.0, 'retrieved_in_10': 0, 'doc_id_to_offset': {'start': 3995420, 'end': 3996067}}, {'qid': '1', 'relevance': 1, 'doc_id': '6480', 'retrieved_in_100': 0, 'median_rank': 99999.0, 'retrieved_in_10': 0, 'doc_id_to_offset': {'start': 4001377, 'end': 4002416}}, {'qid': '1', 'relevance': 1, 'doc_id': '6664', 'retrieved_in_100': 0, 'median_rank': 99999.0, 'retrieved_in_10': 0, 'doc_id_to_offset': {'start': 4155063, 'end': 4156180}}, {'qid': '1', 'relevance': 1, 'doc_id': '6824', 'retrieved_in_100': 0, 'median_rank': 99999.0, 'retrieved_in_10': 0, 'doc_id_to_offset': {'start': 4284971, 'end': 4286316}}, {'qid': '1', 'relevance': 1, 'doc_id': '7923', 'retrieved_in_100': 0, 'median_rank': 99999.0, 'retrieved_in_10': 0, 'doc_id_to_offset': {'start': 5125002, 'end': 5126257}}, {'qid': '1', 'relevance': 1, 'doc_id': '8150', 'retrieved_in_100': 0, 'median_rank': 99999.0, 'retrieved_in_10': 0, 'doc_id_to_offset': {'start': 5290905, 'end': 5291754}}, {'qid': '1', 'relevance': 1, 'doc_id': '8172', 'retrieved_in_100': 0, 'median_rank': 99999.0, 'retrieved_in_10': 0, 'doc_id_to_offset': {'start': 5310577, 'end': 5311106}}, {'qid': '1', 'relevance': 1, 'doc_id': '8277', 'retrieved_in_100': 0, 'median_rank': 99999.0, 'retrieved_in_10': 0, 'doc_id_to_offset': {'start': 5386670, 'end': 5387031}}, {'qid': '1', 'relevance': 1, 'doc_id': '9219', 'retrieved_in_100': 0, 'median_rank': 99999.0, 'retrieved_in_10': 0, 'doc_id_to_offset': {'start': 5964628, 'end': 5965739}}, {'qid': '1', 'relevance': 1, 'doc_id': '9859', 'retrieved_in_100': 0, 'median_rank': 99999.0, 'retrieved_in_10': 0, 'doc_id_to_offset': {'start': 6376372, 'end': 6377531}}, {'qid': '1', 'relevance': 1, 'doc_id': '9988', 'retrieved_in_100': 0, 'median_rank': 99999.0, 'retrieved_in_10': 0, 'doc_id_to_offset': {'start': 6485097, 'end': 6486092}}, {'qid': '1', 'relevance': 1, 'doc_id': '10081', 'retrieved_in_100': 0, 'median_rank': 99999.0, 'retrieved_in_10': 0, 'doc_id_to_offset': {'start': 6541446, 'end': 6542029}}, {'qid': '1', 'relevance': 1, 'doc_id': '10588', 'retrieved_in_100': 0, 'median_rank': 99999.0, 'retrieved_in_10': 0, 'doc_id_to_offset': {'start': 6824485, 'end': 6825526}}]}]
